----- CLI crash report at 2026-01-28T17:39:29.139Z
Error Trace
FailedToIdentifyProgramFlow: FailedToIdentifyProgramFlow
    at _Command.<anonymous> (C:\Users\offic\AppData\Roaming\npm\node_modules\@wix\cli\src\program.ts:76:15)
    at _Command.emit (node:events:508:28)
    at _Command._parseCommand (C:\Users\offic\AppData\Roaming\npm\node_modules\node_modules\commander\lib\command.js:1607:14)
    at _Command.parseAsync (C:\Users\offic\AppData\Roaming\npm\node_modules\node_modules\commander\lib\command.js:1104:16)
    at <anonymous> (C:\Users\offic\AppData\Roaming\npm\node_modules\@wix\cli\src\index.tsx:88:39)
Error Info
{}
----- CLI crash report at 2026-02-02T17:48:19.320Z
Error Trace
FailedToSyncToRevision: FailedToSyncToRevision
    at syncTypesWithAuth (C:\Users\offic\AppData\Roaming\npm\node_modules\@wix\cli-site-old\src\sync-types\sync-types-with-auth.ts:27:11)
    at process.processTicksAndRejections (node:internal/process/task_queues:103:5)
    at async syncAllToRevision (C:\Users\offic\AppData\Roaming\npm\node_modules\@wix\cli-site-old\src\dev\sync-all-to-revision.ts:20:5)
    at async dev (C:\Users\offic\AppData\Roaming\npm\node_modules\@wix\cli-site-old\src\dev\dev.ts:68:3)
    at async runCommand (C:\Users\offic\AppData\Roaming\npm\node_modules\@wix\cli-site-old\src\commands\run-command.ts:39:5)
    at async _Command.<anonymous> (C:\Users\offic\AppData\Roaming\npm\node_modules\@wix\cli-site-old\src\commands\dev.ts:21:7)
    at async _Command.parseAsync (C:\Users\offic\AppData\Roaming\npm\node_modules\node_modules\commander\lib\command.js:1104:5)
    at async <anonymous> (C:\Users\offic\AppData\Roaming\npm\node_modules\@wix\cli\src\index.tsx:88:25)
caused by: FailedToFetchPagesTypes: Failed to fetch the types of the site pages (revision 765)
    at fetchPagesData (C:\Users\offic\AppData\Roaming\npm\node_modules\node_modules\@wix\velo-site-types-syncer\build\index.js:2889:11)
    at process.processTicksAndRejections (node:internal/process/task_queues:103:5)
    at async syncRevisionTypes (C:\Users\offic\AppData\Roaming\npm\node_modules\node_modules\@wix\velo-site-types-syncer\build\index.js:3414:21)
    at async syncTypesWithAuth (C:\Users\offic\AppData\Roaming\npm\node_modules\@wix\cli-site-old\src\sync-types\sync-types-with-auth.ts:17:5)
    at async syncAllToRevision (C:\Users\offic\AppData\Roaming\npm\node_modules\@wix\cli-site-old\src\dev\sync-all-to-revision.ts:20:5)
    at async dev (C:\Users\offic\AppData\Roaming\npm\node_modules\@wix\cli-site-old\src\dev\dev.ts:68:3)
    at async runCommand (C:\Users\offic\AppData\Roaming\npm\node_modules\@wix\cli-site-old\src\commands\run-command.ts:39:5)
    at async _Command.<anonymous> (C:\Users\offic\AppData\Roaming\npm\node_modules\@wix\cli-site-old\src\commands\dev.ts:21:7)
    at async _Command.parseAsync (C:\Users\offic\AppData\Roaming\npm\node_modules\node_modules\commander\lib\command.js:1104:5)
    at async <anonymous> (C:\Users\offic\AppData\Roaming\npm\node_modules\@wix\cli\src\index.tsx:88:25)
caused by: Error: Request failed with status code 500
    at createHttpError (C:\Users\offic\AppData\Roaming\npm\node_modules\node_modules\@wix\http-client\src\error.ts:54:10)
    at HttpClientNode.handleRequestError (C:\Users\offic\AppData\Roaming\npm\node_modules\node_modules\@wix\http-client\src\http-client.ts:268:26)
    at HttpClientNode.request (C:\Users\offic\AppData\Roaming\npm\node_modules\node_modules\@wix\http-client\src\http-client.ts:105:12)
    at process.processTicksAndRejections (node:internal/process/task_queues:103:5)
    at async httpRequest (C:\Users\offic\AppData\Roaming\npm\node_modules\node_modules\@wix\velo-site-types-syncer\build\index.js:2579:12)
    at async fetchPagesData (C:\Users\offic\AppData\Roaming\npm\node_modules\node_modules\@wix\velo-site-types-syncer\build\index.js:2880:16)
    at async syncRevisionTypes (C:\Users\offic\AppData\Roaming\npm\node_modules\node_modules\@wix\velo-site-types-syncer\build\index.js:3414:21)
    at async syncTypesWithAuth (C:\Users\offic\AppData\Roaming\npm\node_modules\@wix\cli-site-old\src\sync-types\sync-types-with-auth.ts:17:5)
    at async syncAllToRevision (C:\Users\offic\AppData\Roaming\npm\node_modules\@wix\cli-site-old\src\dev\sync-all-to-revision.ts:20:5)
    at async dev (C:\Users\offic\AppData\Roaming\npm\node_modules\@wix\cli-site-old\src\dev\dev.ts:68:3)
Error Info
{
  "metaSiteId": "84962575-5061-4308-9442-465ca6199e88",
  "revision": "765",
  "model": {
    "projectFolder": "C:\\Users\\offic\\OneDrive - divineenergysolutions.com\\Desktop\\JM\\DivineEnergySolutions\\DivineEnergySolutions",
    "metaSiteId": "84962575-5061-4308-9442-465ca6199e88",
    "revision": "765"
  }
}
Request Info
{
  "request": {
    "baseURL": "https://editor.wix.com",
    "url": "/_serverless/typok/v1/site/84962575-5061-4308-9442-465ca6199e88/765",
    "method": "get",
    "headers": {
      "Accept": "application/json, text/plain, */*",
      "authorization": "OauthNG.JWS.eyJraWQiOiJZSEJzdUpwSCIsImFsZyI6IkhTMjU2In0.eyJkYXRhIjoie1wiaW5zdGFuY2VcIjp7XCJpbnN0YW5jZUlkXCI6XCI2Zjk1Y2VjOC0zZTk4LTQ4YjktYjRlNS0xZmI5MmZjZDk5NzNcIixcImFwcERlZklkXCI6XCI2Zjk1Y2VjOC0zZTk4LTQ4YjktYjRlNS0xZmI5MmZjZDk5NzNcIixcInNpZ25EYXRlXCI6XCIyMDI2LTAyLTAyVDE2OjM4OjQ1LjI1N1pcIixcInVpZFwiOlwiMWRlNTg0NmQtNzc4OC00YjdlLWEyM2UtMThmMmEzNjYzOGQ5XCIsXCJwZXJtaXNzaW9uc1wiOlwiXCIsXCJkZW1vTW9kZVwiOmZhbHNlLFwic2l0ZU93bmVySWRcIjpcIjE4YjgxN2Q5LTZiYmYtNDdiOS1hN2I1LWU5YWQ4NTcwZWY5NVwiLFwibWV0YVNpdGVJZFwiOlwiODQ5NjI1NzUtNTA2MS00MzA4LTk0NDItNDY1Y2E2MTk5ZTg4XCIsXCJleHBpcmF0aW9uRGF0ZVwiOlwiMjAyNi0wMi0wMlQyMDozODo0NS4yNTdaXCIsXCJsb2dpbkFjY291bnRJZFwiOlwiMWRlNTg0NmQtNzc4OC00YjdlLWEyM2UtMThmMmEzNjYzOGQ5XCIsXCJhb3JcIjp0cnVlLFwic2NkXCI6XCIyMDI0LTAxLTA5VDE5OjU5OjU3LjQxMlpcIixcImFjZFwiOlwiMjAyNC0wMS0wOVQxOTo0MzoyN1pcIn19IiwiaWF0IjoxNzcwMDUwMzI1LCJleHAiOjE3NzAwNjQ3MjV9.NOJlso5MZyY2Y5TSjMNZzoO9FAJ4zIab3JlxabPN2sQ",
      "User-Agent": "axios/0.21.4"
    }
  },
  "response": {
    "message": "Request failed with status code 500",
    "status": 500,
    "headers": {
      "date": "Mon, 02 Feb 2026 17:48:19 GMT",
      "content-type": "application/json; charset=utf-8",
      "content-length": "107",
      "pragma": "no-cache",
      "cache-control": "no-store, no-cache",
      "x-seen-by": "vmPhUNXuQemvc7fjBI8NWewfbs+7qUVAqsIx00yI78k=,m0j2EEknGIVUW/liY8BLLmFNHiU3JbioDtH79FDbMzR9UuJLvoOY0uBy3RuVN3og,jdDt270t0fniy2BugWKBrR/TYvBx5urprsN3W5TDtqJEQfi00LSS7LJu7sdkoLsDj1LMbn7Frj8kfL3QSwqw2w==,r6yY0ta7bIKrqK70x072lVtpNNUhGceB/GLb7Lb9oPE=,naLmDZj4CP99K4ENWsx1R4VBZLp+ATV6ayqcqbjaJRR5iI3j6th5dg248WpxW0kyWIHlCalF7YnfvOr2cMPpyw==,r6yY0ta7bIKrqK70x072lQVTdzeD3ChPULWj2ccHVpI=,mvxQ9qSAmY38asKjFCcmG5lL25pkDkjPQDY8sLkUsACJZBsiAq6ImuKsTsVxH4zLcWTV8kcoHGP6rYOWwf5mPViB5QmpRe2J37zq9nDD6cs=,r6yY0ta7bIKrqK70x072ldYM52U0IpdK+t6mlZRECuo=,mvxQ9qSAmY38asKjFCcmG5lL25pkDkjPQDY8sLkUsAAdFvP23dP+Aj/GLtYDa74NaEpgbhp0g3LhpZHPp6ebhViB5QmpRe2J37zq9nDD6cs=,r6yY0ta7bIKrqK70x072lQHf2SiroWMDG6WIdoDxu4k=,0fVg1FAxINxw/YYbbjBO2pyXcMdLmfREP6dUGE82HH+thpRMxO4IWvduDBF21yr5Pxcp6Gh2zp8DTh46VF8yZhBQwysbwIfWX0nKauty+Qo=",
      "x-wix-request-id": "1770054439.892887525940123523858, 1770054439.892887525940123523858",
      "set-cookie": [
        "XSRF-TOKEN=1770054499|O8EJVrWaOa_u; Path=/; Domain=.wix.com; Secure; SameSite=None"
      ],
      "x-robots-tag": "noindex",
      "server": "Pepyaka",
      "x-content-type-options": "nosniff",
      "strict-transport-security": "max-age=120 ; includeSubDomains",
      "via": "1.1 google",
      "glb-x-seen-by": "wMMTADooq5AJ3cFomJ/MuXOQWGce7NCZXKms1ErOpBs=",
      "alt-svc": "h3=\":443\"; ma=2592000,h3-29=\":443\"; ma=2592000"
    },
    "data": {
      "message": "Can't sync types for site: 84962575-5061-4308-9442-465ca6199e88",
      "errorCode": -100,
      "details": {}
    }
  }
}
